<?xml version="1.0" encoding="utf-8"?><testsuites name="pytest tests"><testsuite name="pytest" errors="0" failures="0" skipped="0" tests="27" time="0.093" timestamp="2026-10-01T20:24:53.416255-05:00" hostname="apyle-mac-studios-Mac-Studio"><testcase classname="tests.test_command" name="test_dry_run_counts_published" time="0.035" /><testcase classname="tests.test_command" name="test_full_build_writes_files_and_manifest" time="0.006" /><testcase classname="tests.test_command" name="test_built_html_contains_canonical_and_schema" time="0.003" /><testcase classname="tests.test_command" name="test_entity_type_filter_works" time="0.003" /><testcase classname="tests.test_command" name="test_pagebuild_record_created" time="0.003" /><testcase classname="tests.test_command" name="test_one_page_per_published_record_and_canonical_matches_location" time="0.003" /><testcase classname="tests.test_command" name="test_failed_pages_exit_nonzero_and_are_named" time="0.003" /><testcase classname="tests.test_builder" name="test_render_page_outputs_canonical_and_title" time="0.000" /><testcase classname="tests.test_builder" name="test_write_page_creates_index_html" time="0.001" /><testcase classname="tests.test_builder" name="test_write_page_handles_root_path" time="0.001" /><testcase classname="tests.test_builder" name="test_build_writes_all_pages" time="0.002" /><testcase classname="tests.test_builder" name="test_build_continues_past_errors_and_says_why" time="0.001" /><testcase classname="tests.test_manifest" name="test_manifest_written_with_required_fields" time="0.001" /><testcase classname="tests.test_manifest" name="test_manifest_extra_fields_merged" time="0.001" /><testcase classname="tests.test_safety" name="test_jsonld_string_cannot_close_its_script_element" time="0.000" /><testcase classname="tests.test_safety" name="test_rendered_page_has_exactly_one_parseable_jsonld_script" time="0.001" /><testcase classname="tests.test_safety" name="test_meta_description_is_escaped_exactly_once" time="0.000" /><testcase classname="tests.test_safety" name="test_write_page_refuses_paths_outside_output_dir[../x/]" time="0.001" /><testcase classname="tests.test_safety" name="test_write_page_refuses_paths_outside_output_dir[a/../../x/]" time="0.001" /><testcase classname="tests.test_safety" name="test_write_page_refuses_paths_outside_output_dir[/../x]" time="0.001" /><testcase classname="tests.test_safety" name="test_write_page_refuses_paths_outside_output_dir[..]" time="0.001" /><testcase classname="tests.test_safety" name="test_duplicate_url_path_is_an_error_not_a_silent_overwrite" time="0.001" /><testcase classname="tests.test_schema" name="test_minimal_page_yields_single_block" time="0.000" /><testcase classname="tests.test_schema" name="test_schema_extras_merge_into_primary" time="0.000" /><testcase classname="tests.test_schema" name="test_breadcrumbs_render_with_relative_urls_resolved" time="0.000" /><testcase classname="tests.test_schema" name="test_breadcrumbs_with_absolute_url_left_alone" time="0.000" /><testcase classname="tests.test_schema" name="test_root_url_path_renders_canonical_correctly" time="0.000" /></testsuite></testsuites>